../Core/Src/main.c:123:5:main	40	static
../Core/Src/main.c:194:6:SystemClock_Config	88	static
../Core/Src/main.c:238:13:MX_I2C1_Init	8	static
../Core/Src/main.c:269:13:MX_TIM3_Init	32	static
../Core/Src/main.c:310:13:MX_USART2_UART_Init	8	static
../Core/Src/main.c:340:13:MX_GPIO_Init	48	static
../Core/Src/main.c:391:6:HAL_TIM_PeriodElapsedCallback	16	static
../Core/Src/main.c:407:6:clock_display	32	static
../Core/Src/main.c:420:6:clock_cal	4	static
../Core/Src/main.c:438:6:clock_set	16	static
../Core/Src/main.c:524:6:alarm_buzzer	8	static
../Core/Src/main.c:539:1:__io_putchar	16	static
../Core/Src/main.c:552:6:Error_Handler	4	static,ignoring_inline_asm
